2026-09-15 21:56:00,033 [INFO] ============================================================
2026-09-15 21:56:00,033 [INFO] Transjakarta GTFS Pipeline — Starting
2026-09-15 21:56:00,033 [INFO] Log file: /Users/joshuats/transjakarta/logs/pipeline_20260915_145600.log
2026-09-15 21:56:00,033 [INFO] ============================================================
2026-09-15 21:56:00,033 [INFO] 
--- Running: Extract & Load ---
2026-09-15 21:56:00,033 [INFO] STEP: Extract & Load
2026-09-15 21:56:06,201 [INFO] --- Extract & Load completed in 6.2s ---
2026-09-15 21:56:06,201 [INFO] 
--- Running: CDC Diff ---
2026-09-15 21:56:06,201 [INFO] STEP: CDC Diff
2026-09-15 21:56:10,268 [INFO] --- CDC Diff completed in 4.1s ---
2026-09-15 21:56:10,268 [INFO] 
--- Running: Transform ---
2026-09-15 21:56:10,268 [INFO] STEP: Transform
2026-09-15 21:56:42,957 [INFO] --- Transform completed in 32.7s ---
2026-09-15 21:56:42,957 [INFO] 
============================================================
2026-09-15 21:56:42,957 [INFO] Pipeline Summary
2026-09-15 21:56:42,957 [INFO] ============================================================
2026-09-15 21:56:42,957 [INFO]   Extract & Load: SUCCESS (6.2s)
2026-09-15 21:56:42,957 [INFO]   CDC Diff: SUCCESS (4.1s)
2026-09-15 21:56:42,957 [INFO]   Transform: SUCCESS (32.7s)
2026-09-15 21:56:42,957 [INFO] 
Total time: 42.9s
2026-09-15 21:56:42,957 [INFO] ============================================================
