2026-09-15 21:50:48,805 [INFO] ============================================================
2026-09-15 21:50:48,805 [INFO] Transjakarta GTFS Pipeline — Starting
2026-09-15 21:50:48,806 [INFO] Log file: /Users/joshuats/transjakarta/logs/pipeline_20260915_145048.log
2026-09-15 21:50:48,806 [INFO] ============================================================
2026-09-15 21:50:48,806 [INFO] 
--- Running: Extract & Load ---
2026-09-15 21:50:48,806 [INFO] STEP: Extract & Load
2026-09-15 21:50:54,378 [INFO] --- Extract & Load completed in 5.6s ---
2026-09-15 21:50:54,378 [INFO] 
--- Running: CDC Diff ---
2026-09-15 21:50:54,378 [INFO] STEP: CDC Diff
2026-09-15 21:50:58,426 [INFO] --- CDC Diff completed in 4.0s ---
2026-09-15 21:50:58,426 [INFO] 
--- Running: Transform ---
2026-09-15 21:50:58,426 [INFO] STEP: Transform
2026-09-15 21:50:59,219 [ERROR] --- Transform FAILED after 0.8s ---
2026-09-15 21:50:59,219 [ERROR] Error: type "geometry" does not exist
LINE 40: ..._SetSRID(ST_MakePoint(stop_lon, stop_lat), 4326)::geometry(P...
                                                              ^

2026-09-15 21:50:59,219 [ERROR] Stopping pipeline due to failure.
2026-09-15 21:50:59,219 [INFO] 
============================================================
2026-09-15 21:50:59,219 [INFO] Pipeline Summary
2026-09-15 21:50:59,219 [INFO] ============================================================
2026-09-15 21:50:59,219 [INFO]   Extract & Load: SUCCESS (5.6s)
2026-09-15 21:50:59,219 [INFO]   CDC Diff: SUCCESS (4.0s)
2026-09-15 21:50:59,219 [ERROR]   Transform: FAILED (0.8s) — type "geometry" does not exist
LINE 40: ..._SetSRID(ST_MakePoint(stop_lon, stop_lat), 4326)::geometry(P...
                                                              ^

2026-09-15 21:50:59,219 [INFO] 
Total time: 10.4s
2026-09-15 21:50:59,219 [INFO] ============================================================
